// Jest Snapshot v1, https://goo.gl/fbAQLP

exports[`Index test should render a basic component: basic 1`] = `"hello world!"`;
